// Jest Snapshot v1, https://goo.gl/fbAQLP

exports[`Индикатор прогресса рендер прогресс бара 1`] = `
<input
  className="styledProgressInput"
  max={100}
  min="0"
  onChange={[Function]}
  step={0.5}
  type="range"
  value={10}
/>
`;
